Analysis & Synthesis report for MaqLavar
Thu Jun 16 23:44:46 2022
Quartus Prime Version 20.1.1 Build 720 11/11/2020 SJ Lite Edition


---------------------
; Table of Contents ;
---------------------
  1. Legal Notice
  2. Analysis & Synthesis Summary
  3. Analysis & Synthesis Settings
  4. Parallel Compilation
  5. Analysis & Synthesis Source Files Read
  6. Analysis & Synthesis Resource Usage Summary
  7. Analysis & Synthesis Resource Utilization by Entity
  8. State Machine - |MaqLavarFSM|s_currentState
  9. User-Specified and Inferred Latches
 10. General Register Statistics
 11. Inverted Register Statistics
 12. Multiplexer Restructuring Statistics (Restructuring Performed)
 13. Post-Synthesis Netlist Statistics for Top Partition
 14. Elapsed Time Per Partition
 15. Analysis & Synthesis Messages



----------------
; Legal Notice ;
----------------
Copyright (C) 2020  Intel Corporation. All rights reserved.
Your use of Intel Corporation's design tools, logic functions 
and other software and tools, and any partner logic 
functions, and any output files from any of the foregoing 
(including device programming or simulation files), and any 
associated documentation or information are expressly subject 
to the terms and conditions of the Intel Program License 
Subscription Agreement, the Intel Quartus Prime License Agreement,
the Intel FPGA IP License Agreement, or other applicable license
agreement, including, without limitation, that your use is for
the sole purpose of programming logic devices manufactured by
Intel and sold by Intel or its authorized distributors.  Please
refer to the applicable agreement for further details, at
https://fpgasoftware.intel.com/eula.



+----------------------------------------------------------------------------------+
; Analysis & Synthesis Summary                                                     ;
+------------------------------------+---------------------------------------------+
; Analysis & Synthesis Status        ; Successful - Thu Jun 16 23:44:46 2022       ;
; Quartus Prime Version              ; 20.1.1 Build 720 11/11/2020 SJ Lite Edition ;
; Revision Name                      ; MaqLavar                                    ;
; Top-level Entity Name              ; MaqLavarFSM                                 ;
; Family                             ; Cyclone IV E                                ;
; Total logic elements               ; 45                                          ;
;     Total combinational functions  ; 45                                          ;
;     Dedicated logic registers      ; 10                                          ;
; Total registers                    ; 10                                          ;
; Total pins                         ; 22                                          ;
; Total virtual pins                 ; 0                                           ;
; Total memory bits                  ; 0                                           ;
; Embedded Multiplier 9-bit elements ; 0                                           ;
; Total PLLs                         ; 0                                           ;
+------------------------------------+---------------------------------------------+


+------------------------------------------------------------------------------------------------------------+
; Analysis & Synthesis Settings                                                                              ;
+------------------------------------------------------------------+--------------------+--------------------+
; Option                                                           ; Setting            ; Default Value      ;
+------------------------------------------------------------------+--------------------+--------------------+
; Device                                                           ; EP4CE115F29C7      ;                    ;
; Top-level entity name                                            ; MaqLavarFSM        ; MaqLavar           ;
; Family name                                                      ; Cyclone IV E       ; Cyclone V          ;
; Use smart compilation                                            ; Off                ; Off                ;
; Enable parallel Assembler and Timing Analyzer during compilation ; On                 ; On                 ;
; Enable compact report table                                      ; Off                ; Off                ;
; Restructure Multiplexers                                         ; Auto               ; Auto               ;
; Create Debugging Nodes for IP Cores                              ; Off                ; Off                ;
; Preserve fewer node names                                        ; On                 ; On                 ;
; Intel FPGA IP Evaluation Mode                                    ; Enable             ; Enable             ;
; Verilog Version                                                  ; Verilog_2001       ; Verilog_2001       ;
; VHDL Version                                                     ; VHDL_1993          ; VHDL_1993          ;
; State Machine Processing                                         ; Auto               ; Auto               ;
; Safe State Machine                                               ; Off                ; Off                ;
; Extract Verilog State Machines                                   ; On                 ; On                 ;
; Extract VHDL State Machines                                      ; On                 ; On                 ;
; Ignore Verilog initial constructs                                ; Off                ; Off                ;
; Iteration limit for constant Verilog loops                       ; 5000               ; 5000               ;
; Iteration limit for non-constant Verilog loops                   ; 250                ; 250                ;
; Add Pass-Through Logic to Inferred RAMs                          ; On                 ; On                 ;
; Infer RAMs from Raw Logic                                        ; On                 ; On                 ;
; Parallel Synthesis                                               ; On                 ; On                 ;
; DSP Block Balancing                                              ; Auto               ; Auto               ;
; NOT Gate Push-Back                                               ; On                 ; On                 ;
; Power-Up Don't Care                                              ; On                 ; On                 ;
; Remove Redundant Logic Cells                                     ; Off                ; Off                ;
; Remove Duplicate Registers                                       ; On                 ; On                 ;
; Ignore CARRY Buffers                                             ; Off                ; Off                ;
; Ignore CASCADE Buffers                                           ; Off                ; Off                ;
; Ignore GLOBAL Buffers                                            ; Off                ; Off                ;
; Ignore ROW GLOBAL Buffers                                        ; Off                ; Off                ;
; Ignore LCELL Buffers                                             ; Off                ; Off                ;
; Ignore SOFT Buffers                                              ; On                 ; On                 ;
; Limit AHDL Integers to 32 Bits                                   ; Off                ; Off                ;
; Optimization Technique                                           ; Balanced           ; Balanced           ;
; Carry Chain Length                                               ; 70                 ; 70                 ;
; Auto Carry Chains                                                ; On                 ; On                 ;
; Auto Open-Drain Pins                                             ; On                 ; On                 ;
; Perform WYSIWYG Primitive Resynthesis                            ; Off                ; Off                ;
; Auto ROM Replacement                                             ; On                 ; On                 ;
; Auto RAM Replacement                                             ; On                 ; On                 ;
; Auto DSP Block Replacement                                       ; On                 ; On                 ;
; Auto Shift Register Replacement                                  ; Auto               ; Auto               ;
; Allow Shift Register Merging across Hierarchies                  ; Auto               ; Auto               ;
; Auto Clock Enable Replacement                                    ; On                 ; On                 ;
; Strict RAM Replacement                                           ; Off                ; Off                ;
; Allow Synchronous Control Signals                                ; On                 ; On                 ;
; Force Use of Synchronous Clear Signals                           ; Off                ; Off                ;
; Auto RAM Block Balancing                                         ; On                 ; On                 ;
; Auto RAM to Logic Cell Conversion                                ; Off                ; Off                ;
; Auto Resource Sharing                                            ; Off                ; Off                ;
; Allow Any RAM Size For Recognition                               ; Off                ; Off                ;
; Allow Any ROM Size For Recognition                               ; Off                ; Off                ;
; Allow Any Shift Register Size For Recognition                    ; Off                ; Off                ;
; Use LogicLock Constraints during Resource Balancing              ; On                 ; On                 ;
; Ignore translate_off and synthesis_off directives                ; Off                ; Off                ;
; Timing-Driven Synthesis                                          ; On                 ; On                 ;
; Report Parameter Settings                                        ; On                 ; On                 ;
; Report Source Assignments                                        ; On                 ; On                 ;
; Report Connectivity Checks                                       ; On                 ; On                 ;
; Ignore Maximum Fan-Out Assignments                               ; Off                ; Off                ;
; Synchronization Register Chain Length                            ; 2                  ; 2                  ;
; Power Optimization During Synthesis                              ; Normal compilation ; Normal compilation ;
; HDL message level                                                ; Level2             ; Level2             ;
; Suppress Register Optimization Related Messages                  ; Off                ; Off                ;
; Number of Removed Registers Reported in Synthesis Report         ; 5000               ; 5000               ;
; Number of Swept Nodes Reported in Synthesis Report               ; 5000               ; 5000               ;
; Number of Inverted Registers Reported in Synthesis Report        ; 100                ; 100                ;
; Clock MUX Protection                                             ; On                 ; On                 ;
; Auto Gated Clock Conversion                                      ; Off                ; Off                ;
; Block Design Naming                                              ; Auto               ; Auto               ;
; SDC constraint protection                                        ; Off                ; Off                ;
; Synthesis Effort                                                 ; Auto               ; Auto               ;
; Shift Register Replacement - Allow Asynchronous Clear Signal     ; On                 ; On                 ;
; Pre-Mapping Resynthesis Optimization                             ; Off                ; Off                ;
; Analysis & Synthesis Message Level                               ; Medium             ; Medium             ;
; Disable Register Merging Across Hierarchies                      ; Auto               ; Auto               ;
; Resource Aware Inference For Block RAM                           ; On                 ; On                 ;
+------------------------------------------------------------------+--------------------+--------------------+


+------------------------------------------+
; Parallel Compilation                     ;
+----------------------------+-------------+
; Processors                 ; Number      ;
+----------------------------+-------------+
; Number detected on machine ; 12          ;
; Maximum allowed            ; 6           ;
;                            ;             ;
; Average used               ; 1.00        ;
; Maximum used               ; 6           ;
;                            ;             ;
; Usage by Processor         ; % Time Used ;
;     Processor 1            ; 100.0%      ;
;     Processors 2-6         ;   0.0%      ;
+----------------------------+-------------+


+------------------------------------------------------------------------------------------------------------------------------------------+
; Analysis & Synthesis Source Files Read                                                                                                   ;
+----------------------------------+-----------------+-----------------+---------------------------------------------------------+---------+
; File Name with User-Entered Path ; Used in Netlist ; File Type       ; File Name with Absolute Path                            ; Library ;
+----------------------------------+-----------------+-----------------+---------------------------------------------------------+---------+
; MaqLavarFSM.vhd                  ; yes             ; User VHDL File  ; C:/Users/Afonso/Downloads/LSD/projFinal/MaqLavarFSM.vhd ;         ;
+----------------------------------+-----------------+-----------------+---------------------------------------------------------+---------+


+-----------------------------------------------------------+
; Analysis & Synthesis Resource Usage Summary               ;
+---------------------------------------------+-------------+
; Resource                                    ; Usage       ;
+---------------------------------------------+-------------+
; Estimated Total logic elements              ; 45          ;
;                                             ;             ;
; Total combinational functions               ; 45          ;
; Logic element usage by number of LUT inputs ;             ;
;     -- 4 input functions                    ; 18          ;
;     -- 3 input functions                    ; 15          ;
;     -- <=2 input functions                  ; 12          ;
;                                             ;             ;
; Logic elements by mode                      ;             ;
;     -- normal mode                          ; 45          ;
;     -- arithmetic mode                      ; 0           ;
;                                             ;             ;
; Total registers                             ; 10          ;
;     -- Dedicated logic registers            ; 10          ;
;     -- I/O registers                        ; 0           ;
;                                             ;             ;
; I/O pins                                    ; 22          ;
;                                             ;             ;
; Embedded Multiplier 9-bit elements          ; 0           ;
;                                             ;             ;
; Maximum fan-out node                        ; reset~input ;
; Maximum fan-out                             ; 10          ;
; Total fan-out                               ; 197         ;
; Average fan-out                             ; 1.99        ;
+---------------------------------------------+-------------+


+----------------------------------------------------------------------------------------------------------------------------------------------------------------------------------------------------------+
; Analysis & Synthesis Resource Utilization by Entity                                                                                                                                                      ;
+----------------------------+---------------------+---------------------------+-------------+--------------+---------+-----------+------+--------------+---------------------+-------------+--------------+
; Compilation Hierarchy Node ; Combinational ALUTs ; Dedicated Logic Registers ; Memory Bits ; DSP Elements ; DSP 9x9 ; DSP 18x18 ; Pins ; Virtual Pins ; Full Hierarchy Name ; Entity Name ; Library Name ;
+----------------------------+---------------------+---------------------------+-------------+--------------+---------+-----------+------+--------------+---------------------+-------------+--------------+
; |MaqLavarFSM               ; 45 (45)             ; 10 (10)                   ; 0           ; 0            ; 0       ; 0         ; 22   ; 0            ; |MaqLavarFSM        ; MaqLavarFSM ; work         ;
+----------------------------+---------------------+---------------------------+-------------+--------------+---------+-----------+------+--------------+---------------------+-------------+--------------+
Note: For table entries with two numbers listed, the numbers in parentheses indicate the number of resources of the given type used by the specific entity alone. The numbers listed outside of parentheses indicate the total resources of the given type used by the specific entity and all of its sub-entities in the hierarchy.


Encoding Type:  One-Hot
+----------------------------------------------------------------------------------------------------------------------------------------------------------------------------------------------------------------------------------------------------+
; State Machine - |MaqLavarFSM|s_currentState                                                                                                                                                                                                        ;
+---------------------------+------------------------+---------------------------+----------------------+--------------------------+---------------------------+--------------------+--------------------+--------------------+----------------------+
; Name                      ; s_currentState.TFinish ; s_currentState.TTirarAgua ; s_currentState.TSpin ; s_currentState.TEnxaguar ; s_currentState.TMeterAgua ; s_currentState.TP3 ; s_currentState.TP2 ; s_currentState.TP1 ; s_currentState.TInit ;
+---------------------------+------------------------+---------------------------+----------------------+--------------------------+---------------------------+--------------------+--------------------+--------------------+----------------------+
; s_currentState.TInit      ; 0                      ; 0                         ; 0                    ; 0                        ; 0                         ; 0                  ; 0                  ; 0                  ; 0                    ;
; s_currentState.TP1        ; 0                      ; 0                         ; 0                    ; 0                        ; 0                         ; 0                  ; 0                  ; 1                  ; 1                    ;
; s_currentState.TP2        ; 0                      ; 0                         ; 0                    ; 0                        ; 0                         ; 0                  ; 1                  ; 0                  ; 1                    ;
; s_currentState.TP3        ; 0                      ; 0                         ; 0                    ; 0                        ; 0                         ; 1                  ; 0                  ; 0                  ; 1                    ;
; s_currentState.TMeterAgua ; 0                      ; 0                         ; 0                    ; 0                        ; 1                         ; 0                  ; 0                  ; 0                  ; 1                    ;
; s_currentState.TEnxaguar  ; 0                      ; 0                         ; 0                    ; 1                        ; 0                         ; 0                  ; 0                  ; 0                  ; 1                    ;
; s_currentState.TSpin      ; 0                      ; 0                         ; 1                    ; 0                        ; 0                         ; 0                  ; 0                  ; 0                  ; 1                    ;
; s_currentState.TTirarAgua ; 0                      ; 1                         ; 0                    ; 0                        ; 0                         ; 0                  ; 0                  ; 0                  ; 1                    ;
; s_currentState.TFinish    ; 1                      ; 0                         ; 0                    ; 0                        ; 0                         ; 0                  ; 0                  ; 0                  ; 1                    ;
+---------------------------+------------------------+---------------------------+----------------------+--------------------------+---------------------------+--------------------+--------------------+--------------------+----------------------+


+---------------------------------------------------------------------------------------------------+
; User-Specified and Inferred Latches                                                               ;
+----------------------------------------------------+---------------------+------------------------+
; Latch Name                                         ; Latch Enable Signal ; Free of Timing Hazards ;
+----------------------------------------------------+---------------------+------------------------+
; s_nextState.TFinish_284                            ; Selector15          ; yes                    ;
; s_nextState.TMeterAgua_380                         ; Selector15          ; yes                    ;
; s_nextState.TEnxaguar_356                          ; Selector15          ; yes                    ;
; s_nextState.TTirarAgua_308                         ; Selector15          ; yes                    ;
; s_nextState.TSpin_332                              ; Selector15          ; yes                    ;
; s_nextState.TInit_476                              ; Selector15          ; yes                    ;
; s_nextState.TP1_452                                ; Selector15          ; yes                    ;
; s_nextState.TP2_428                                ; Selector15          ; yes                    ;
; s_nextState.TP3_404                                ; Selector15          ; yes                    ;
; Number of user-specified and inferred latches = 9  ;                     ;                        ;
+----------------------------------------------------+---------------------+------------------------+
Note: All latches listed above may not be present at the end of synthesis due to various synthesis optimizations.


+------------------------------------------------------+
; General Register Statistics                          ;
+----------------------------------------------+-------+
; Statistic                                    ; Value ;
+----------------------------------------------+-------+
; Total registers                              ; 10    ;
; Number of registers using Synchronous Clear  ; 0     ;
; Number of registers using Synchronous Load   ; 0     ;
; Number of registers using Asynchronous Clear ; 0     ;
; Number of registers using Asynchronous Load  ; 0     ;
; Number of registers using Clock Enable       ; 0     ;
; Number of registers using Preset             ; 0     ;
+----------------------------------------------+-------+


+--------------------------------------------------+
; Inverted Register Statistics                     ;
+----------------------------------------+---------+
; Inverted Register                      ; Fan out ;
+----------------------------------------+---------+
; s_stateChanged                         ; 1       ;
; Total number of inverted registers = 1 ;         ;
+----------------------------------------+---------+


+------------------------------------------------------------------------------------------------------------------------------------------+
; Multiplexer Restructuring Statistics (Restructuring Performed)                                                                           ;
+--------------------+-----------+---------------+----------------------+------------------------+------------+----------------------------+
; Multiplexer Inputs ; Bus Width ; Baseline Area ; Area if Restructured ; Saving if Restructured ; Registered ; Example Multiplexer Output ;
+--------------------+-----------+---------------+----------------------+------------------------+------------+----------------------------+
; 3:1                ; 2 bits    ; 4 LEs         ; 2 LEs                ; 2 LEs                  ; No         ; |MaqLavarFSM|s_nextState   ;
+--------------------+-----------+---------------+----------------------+------------------------+------------+----------------------------+


+-----------------------------------------------------+
; Post-Synthesis Netlist Statistics for Top Partition ;
+-----------------------+-----------------------------+
; Type                  ; Count                       ;
+-----------------------+-----------------------------+
; boundary_port         ; 22                          ;
; cycloneiii_ff         ; 10                          ;
;     plain             ; 10                          ;
; cycloneiii_lcell_comb ; 51                          ;
;     normal            ; 51                          ;
;         0 data inputs ; 1                           ;
;         1 data inputs ; 5                           ;
;         2 data inputs ; 12                          ;
;         3 data inputs ; 15                          ;
;         4 data inputs ; 18                          ;
;                       ;                             ;
; Max LUT depth         ; 3.00                        ;
; Average LUT depth     ; 2.29                        ;
+-----------------------+-----------------------------+


+-------------------------------+
; Elapsed Time Per Partition    ;
+----------------+--------------+
; Partition Name ; Elapsed Time ;
+----------------+--------------+
; Top            ; 00:00:00     ;
+----------------+--------------+


+-------------------------------+
; Analysis & Synthesis Messages ;
+-------------------------------+
Info: *******************************************************************
Info: Running Quartus Prime Analysis & Synthesis
    Info: Version 20.1.1 Build 720 11/11/2020 SJ Lite Edition
    Info: Processing started: Thu Jun 16 23:44:38 2022
Info: Command: quartus_map --read_settings_files=on --write_settings_files=off MaqLavar -c MaqLavar
Warning (18236): Number of processors has not been specified which may cause overloading on shared machines.  Set the global assignment NUM_PARALLEL_PROCESSORS in your QSF to an appropriate value for best performance.
Info (20030): Parallel compilation is enabled and will use 6 of the 6 processors detected
Info (12021): Found 2 design units, including 1 entities, in source file maqlavarfsm.vhd
    Info (12022): Found design unit 1: MaqLavarFSM-Behavioral File: C:/Users/Afonso/Downloads/LSD/projFinal/MaqLavarFSM.vhd Line: 23
    Info (12023): Found entity 1: MaqLavarFSM File: C:/Users/Afonso/Downloads/LSD/projFinal/MaqLavarFSM.vhd Line: 4
Info (12021): Found 2 design units, including 1 entities, in source file maqlavartimer.vhd
    Info (12022): Found design unit 1: MaqLavarTimer-Behavioral File: C:/Users/Afonso/Downloads/LSD/projFinal/MaqLavarTimer.vhd Line: 15
    Info (12023): Found entity 1: MaqLavarTimer File: C:/Users/Afonso/Downloads/LSD/projFinal/MaqLavarTimer.vhd Line: 5
Info (12021): Found 2 design units, including 1 entities, in source file displaydecoderp.vhd
    Info (12022): Found design unit 1: DisplayDecoderP-Behavioral File: C:/Users/Afonso/Downloads/LSD/projFinal/DisplayDecoderP.vhd Line: 10
    Info (12023): Found entity 1: DisplayDecoderP File: C:/Users/Afonso/Downloads/LSD/projFinal/DisplayDecoderP.vhd Line: 4
Info (12021): Found 2 design units, including 1 entities, in source file maqlavarreg.vhd
    Info (12022): Found design unit 1: MaqLavarReg-Behavioral File: C:/Users/Afonso/Downloads/LSD/projFinal/MaqLavarReg.vhd Line: 17
    Info (12023): Found entity 1: MaqLavarReg File: C:/Users/Afonso/Downloads/LSD/projFinal/MaqLavarReg.vhd Line: 4
Info (12021): Found 2 design units, including 1 entities, in source file displaydecoder123.vhd
    Info (12022): Found design unit 1: DisplayDecoder123-Behavioral File: C:/Users/Afonso/Downloads/LSD/projFinal/DisplayDecoder123.vhd Line: 10
    Info (12023): Found entity 1: DisplayDecoder123 File: C:/Users/Afonso/Downloads/LSD/projFinal/DisplayDecoder123.vhd Line: 4
Info (12021): Found 2 design units, including 1 entities, in source file bin7segdecoder.vhd
    Info (12022): Found design unit 1: Bin7SegDecoder-Behavioral File: C:/Users/Afonso/Downloads/LSD/projFinal/Bin7SegDecoder.vhd Line: 9
    Info (12023): Found entity 1: Bin7SegDecoder File: C:/Users/Afonso/Downloads/LSD/projFinal/Bin7SegDecoder.vhd Line: 4
Info (12127): Elaborating entity "MaqLavarFSM" for the top level hierarchy
Warning (10492): VHDL Process Statement warning at MaqLavarFSM.vhd(75): signal "P1" is read inside the Process Statement but isn't in the Process Statement's sensitivity list File: C:/Users/Afonso/Downloads/LSD/projFinal/MaqLavarFSM.vhd Line: 75
Warning (10492): VHDL Process Statement warning at MaqLavarFSM.vhd(77): signal "P2" is read inside the Process Statement but isn't in the Process Statement's sensitivity list File: C:/Users/Afonso/Downloads/LSD/projFinal/MaqLavarFSM.vhd Line: 77
Warning (10492): VHDL Process Statement warning at MaqLavarFSM.vhd(79): signal "P3" is read inside the Process Statement but isn't in the Process Statement's sensitivity list File: C:/Users/Afonso/Downloads/LSD/projFinal/MaqLavarFSM.vhd Line: 79
Warning (10492): VHDL Process Statement warning at MaqLavarFSM.vhd(164): signal "P1" is read inside the Process Statement but isn't in the Process Statement's sensitivity list File: C:/Users/Afonso/Downloads/LSD/projFinal/MaqLavarFSM.vhd Line: 164
Warning (10492): VHDL Process Statement warning at MaqLavarFSM.vhd(164): signal "P2" is read inside the Process Statement but isn't in the Process Statement's sensitivity list File: C:/Users/Afonso/Downloads/LSD/projFinal/MaqLavarFSM.vhd Line: 164
Warning (10492): VHDL Process Statement warning at MaqLavarFSM.vhd(186): signal "P1" is read inside the Process Statement but isn't in the Process Statement's sensitivity list File: C:/Users/Afonso/Downloads/LSD/projFinal/MaqLavarFSM.vhd Line: 186
Warning (10492): VHDL Process Statement warning at MaqLavarFSM.vhd(186): signal "P2" is read inside the Process Statement but isn't in the Process Statement's sensitivity list File: C:/Users/Afonso/Downloads/LSD/projFinal/MaqLavarFSM.vhd Line: 186
Warning (10492): VHDL Process Statement warning at MaqLavarFSM.vhd(208): signal "P1" is read inside the Process Statement but isn't in the Process Statement's sensitivity list File: C:/Users/Afonso/Downloads/LSD/projFinal/MaqLavarFSM.vhd Line: 208
Warning (10492): VHDL Process Statement warning at MaqLavarFSM.vhd(208): signal "s_repeat" is read inside the Process Statement but isn't in the Process Statement's sensitivity list File: C:/Users/Afonso/Downloads/LSD/projFinal/MaqLavarFSM.vhd Line: 208
Warning (10492): VHDL Process Statement warning at MaqLavarFSM.vhd(211): signal "P1" is read inside the Process Statement but isn't in the Process Statement's sensitivity list File: C:/Users/Afonso/Downloads/LSD/projFinal/MaqLavarFSM.vhd Line: 211
Warning (10492): VHDL Process Statement warning at MaqLavarFSM.vhd(211): signal "P2" is read inside the Process Statement but isn't in the Process Statement's sensitivity list File: C:/Users/Afonso/Downloads/LSD/projFinal/MaqLavarFSM.vhd Line: 211
Warning (10492): VHDL Process Statement warning at MaqLavarFSM.vhd(213): signal "P1" is read inside the Process Statement but isn't in the Process Statement's sensitivity list File: C:/Users/Afonso/Downloads/LSD/projFinal/MaqLavarFSM.vhd Line: 213
Warning (10492): VHDL Process Statement warning at MaqLavarFSM.vhd(213): signal "P2" is read inside the Process Statement but isn't in the Process Statement's sensitivity list File: C:/Users/Afonso/Downloads/LSD/projFinal/MaqLavarFSM.vhd Line: 213
Warning (10492): VHDL Process Statement warning at MaqLavarFSM.vhd(213): signal "P3" is read inside the Process Statement but isn't in the Process Statement's sensitivity list File: C:/Users/Afonso/Downloads/LSD/projFinal/MaqLavarFSM.vhd Line: 213
Warning (10631): VHDL Process Statement warning at MaqLavarFSM.vhd(63): inferring latch(es) for signal or variable "s_nextState", which holds its previous value in one or more paths through the process File: C:/Users/Afonso/Downloads/LSD/projFinal/MaqLavarFSM.vhd Line: 63
Warning (10631): VHDL Process Statement warning at MaqLavarFSM.vhd(63): inferring latch(es) for signal or variable "s_repeat", which holds its previous value in one or more paths through the process File: C:/Users/Afonso/Downloads/LSD/projFinal/MaqLavarFSM.vhd Line: 63
Info (10041): Inferred latch for "s_repeat" at MaqLavarFSM.vhd(63) File: C:/Users/Afonso/Downloads/LSD/projFinal/MaqLavarFSM.vhd Line: 63
Info (10041): Inferred latch for "s_nextState.TFinish" at MaqLavarFSM.vhd(63) File: C:/Users/Afonso/Downloads/LSD/projFinal/MaqLavarFSM.vhd Line: 63
Info (10041): Inferred latch for "s_nextState.TTirarAgua" at MaqLavarFSM.vhd(63) File: C:/Users/Afonso/Downloads/LSD/projFinal/MaqLavarFSM.vhd Line: 63
Info (10041): Inferred latch for "s_nextState.TSpin" at MaqLavarFSM.vhd(63) File: C:/Users/Afonso/Downloads/LSD/projFinal/MaqLavarFSM.vhd Line: 63
Info (10041): Inferred latch for "s_nextState.TEnxaguar" at MaqLavarFSM.vhd(63) File: C:/Users/Afonso/Downloads/LSD/projFinal/MaqLavarFSM.vhd Line: 63
Info (10041): Inferred latch for "s_nextState.TMeterAgua" at MaqLavarFSM.vhd(63) File: C:/Users/Afonso/Downloads/LSD/projFinal/MaqLavarFSM.vhd Line: 63
Info (10041): Inferred latch for "s_nextState.TP3" at MaqLavarFSM.vhd(63) File: C:/Users/Afonso/Downloads/LSD/projFinal/MaqLavarFSM.vhd Line: 63
Info (10041): Inferred latch for "s_nextState.TP2" at MaqLavarFSM.vhd(63) File: C:/Users/Afonso/Downloads/LSD/projFinal/MaqLavarFSM.vhd Line: 63
Info (10041): Inferred latch for "s_nextState.TP1" at MaqLavarFSM.vhd(63) File: C:/Users/Afonso/Downloads/LSD/projFinal/MaqLavarFSM.vhd Line: 63
Info (10041): Inferred latch for "s_nextState.TInit" at MaqLavarFSM.vhd(63) File: C:/Users/Afonso/Downloads/LSD/projFinal/MaqLavarFSM.vhd Line: 63
Warning (13012): Latch s_nextState.TFinish_284 has unsafe behavior File: C:/Users/Afonso/Downloads/LSD/projFinal/MaqLavarFSM.vhd Line: 63
    Warning (13013): Ports D and ENA on the latch are fed by the same signal timeExp File: C:/Users/Afonso/Downloads/LSD/projFinal/MaqLavarFSM.vhd Line: 20
Warning (13012): Latch s_nextState.TMeterAgua_380 has unsafe behavior File: C:/Users/Afonso/Downloads/LSD/projFinal/MaqLavarFSM.vhd Line: 63
    Warning (13013): Ports D and ENA on the latch are fed by the same signal timeExp File: C:/Users/Afonso/Downloads/LSD/projFinal/MaqLavarFSM.vhd Line: 20
Warning (13012): Latch s_nextState.TEnxaguar_356 has unsafe behavior File: C:/Users/Afonso/Downloads/LSD/projFinal/MaqLavarFSM.vhd Line: 63
    Warning (13013): Ports D and ENA on the latch are fed by the same signal s_currentState.TEnxaguar File: C:/Users/Afonso/Downloads/LSD/projFinal/MaqLavarFSM.vhd Line: 39
Warning (13012): Latch s_nextState.TTirarAgua_308 has unsafe behavior File: C:/Users/Afonso/Downloads/LSD/projFinal/MaqLavarFSM.vhd Line: 63
    Warning (13013): Ports D and ENA on the latch are fed by the same signal s_currentState.TTirarAgua File: C:/Users/Afonso/Downloads/LSD/projFinal/MaqLavarFSM.vhd Line: 39
Warning (13012): Latch s_nextState.TSpin_332 has unsafe behavior File: C:/Users/Afonso/Downloads/LSD/projFinal/MaqLavarFSM.vhd Line: 63
    Warning (13013): Ports D and ENA on the latch are fed by the same signal timeExp File: C:/Users/Afonso/Downloads/LSD/projFinal/MaqLavarFSM.vhd Line: 20
Warning (13012): Latch s_nextState.TInit_476 has unsafe behavior File: C:/Users/Afonso/Downloads/LSD/projFinal/MaqLavarFSM.vhd Line: 63
    Warning (13013): Ports D and ENA on the latch are fed by the same signal timeExp File: C:/Users/Afonso/Downloads/LSD/projFinal/MaqLavarFSM.vhd Line: 20
Warning (13012): Latch s_nextState.TP1_452 has unsafe behavior File: C:/Users/Afonso/Downloads/LSD/projFinal/MaqLavarFSM.vhd Line: 63
    Warning (13013): Ports D and ENA on the latch are fed by the same signal P1 File: C:/Users/Afonso/Downloads/LSD/projFinal/MaqLavarFSM.vhd Line: 6
Warning (13012): Latch s_nextState.TP2_428 has unsafe behavior File: C:/Users/Afonso/Downloads/LSD/projFinal/MaqLavarFSM.vhd Line: 63
    Warning (13013): Ports D and ENA on the latch are fed by the same signal P1 File: C:/Users/Afonso/Downloads/LSD/projFinal/MaqLavarFSM.vhd Line: 6
Warning (13012): Latch s_nextState.TP3_404 has unsafe behavior File: C:/Users/Afonso/Downloads/LSD/projFinal/MaqLavarFSM.vhd Line: 63
    Warning (13013): Ports D and ENA on the latch are fed by the same signal P3 File: C:/Users/Afonso/Downloads/LSD/projFinal/MaqLavarFSM.vhd Line: 8
Warning (13024): Output pins are stuck at VCC or GND
    Warning (13410): Pin "timeValue[6]" is stuck at GND File: C:/Users/Afonso/Downloads/LSD/projFinal/MaqLavarFSM.vhd Line: 18
    Warning (13410): Pin "timeValue[7]" is stuck at GND File: C:/Users/Afonso/Downloads/LSD/projFinal/MaqLavarFSM.vhd Line: 18
Info (286030): Timing-Driven Synthesis is running
Info (16010): Generating hard_block partition "hard_block:auto_generated_inst"
    Info (16011): Adding 0 node(s), including 0 DDIO, 0 PLL, 0 transceiver and 0 LCELL
Info (21057): Implemented 67 device resources after synthesis - the final resource count might be different
    Info (21058): Implemented 6 input pins
    Info (21059): Implemented 16 output pins
    Info (21061): Implemented 45 logic cells
Info: Quartus Prime Analysis & Synthesis was successful. 0 errors, 38 warnings
    Info: Peak virtual memory: 4807 megabytes
    Info: Processing ended: Thu Jun 16 23:44:46 2022
    Info: Elapsed time: 00:00:08
    Info: Total CPU time (on all processors): 00:00:19


